SQL> --
SQL> -- Author: Tyler Paquet
SQL> --
SQL> -- IMPORTANT: use the names IC-1, IC-2, etc. as given below.
SQL> -- --------------------------------------------------------------------
SQL> -- The two DROP commands below are placed here for convenience in
SQL> -- order to drop the tables if they exist. If the tables don't
SQL> -- exist, you'll get an error - just ignore the error.
SQL> --
SQL> --
SQL> 
SQL> --
SQL> -- ----------------------------------------------------------------
SQL> -- TESTING THE SCHEMA
SQL> -- ----------------------------------------------------------------
SQL> INSERT INTO Orders VALUES (10, 'high', 2400);

1 row created.

SQL> INSERT INTO Orders VALUES (20, 'high', 1900);
INSERT INTO Orders VALUES (20, 'high', 1900)
*
ERROR at line 1:
ORA-02290: check constraint (PAQUETT.IC2) violated 


SQL> INSERT INTO Orders VALUES (30, 'high', 2100);

1 row created.

SQL> INSERT INTO Orders VALUES (40, 'medium', 700);

1 row created.

SQL> INSERT INTO Orders VALUES (50, 'low', 1100);
INSERT INTO Orders VALUES (50, 'low', 1100)
*
ERROR at line 1:
ORA-02290: check constraint (PAQUETT.IC4) violated 


SQL> INSERT INTO Orders VALUES (60, 'low', 900);

1 row created.

SQL> SELECT * from Orders;

  ORDERNUM PRIORITY         COST                                                
---------- ---------- ----------                                                
        10 high             2400                                                
        30 high             2100                                                
        40 medium            700                                                
        60 low               900                                                

SQL> -- ----------------------------------------------------------------
SQL> INSERT INTO OrderLine VALUES (10, 1, 'AAA', 200);

1 row created.

SQL> INSERT INTO OrderLine VALUES (10, 2, 'BBB', 300);

1 row created.

SQL> INSERT INTO OrderLine VALUES (60, 1, 'CCC', 5);

1 row created.

SQL> INSERT INTO OrderLine VALUES (15, 1, 'AAA', 7);
INSERT INTO OrderLine VALUES (15, 1, 'AAA', 7)
*
ERROR at line 1:
ORA-02291: integrity constraint (PAQUETT.IC5) violated - parent key not found 


SQL> SELECT * FROM OrderLine;

  ORDERNUM    LINENUM ITEM         QUANTITY                                     
---------- ---------- ---------- ----------                                     
        10          1 AAA               200                                     
        10          2 BBB               300                                     
        60          1 CCC                 5                                     

SQL> --
SQL> DELETE FROM Orders WHERE orderNum = 10;

1 row deleted.

SQL> SELECT * From Orders;

  ORDERNUM PRIORITY         COST                                                
---------- ---------- ----------                                                
        30 high             2100                                                
        40 medium            700                                                
        60 low               900                                                

SQL> SELECT * FROM OrderLine;

  ORDERNUM    LINENUM ITEM         QUANTITY                                     
---------- ---------- ---------- ----------                                     
        60          1 CCC                 5                                     

SQL> --
SQL> SET ECHO OFF
